stm32f1xx_it.c:76:6:NMI_Handler	0	static
stm32f1xx_it.c:89:6:HardFault_Handler	8	static
stm32f1xx_it.c:108:6:MemManage_Handler	0	static
stm32f1xx_it.c:124:6:BusFault_Handler	0	static
stm32f1xx_it.c:139:6:UsageFault_Handler	0	static
stm32f1xx_it.c:154:6:SVC_Handler	0	static
stm32f1xx_it.c:167:6:DebugMon_Handler	0	static
stm32f1xx_it.c:180:6:PendSV_Handler	0	static
stm32f1xx_it.c:193:6:SysTick_Handler	0	static
stm32f1xx_it.c:214:6:EXTI1_IRQHandler	8	static
stm32f1xx_it.c:229:6:DMA1_Channel4_IRQHandler	0	static
stm32f1xx_it.c:243:6:DMA1_Channel5_IRQHandler	0	static
stm32f1xx_it.c:257:6:TIM3_IRQHandler	0	static
stm32f1xx_it.c:274:6:TIM4_IRQHandler	0	static
stm32f1xx_it.c:288:6:USART1_IRQHandler	0	static
stm32f1xx_it.c:302:6:EXTI15_10_IRQHandler	0	static
