stm32f1xx_hal_msp.c:69:6:HAL_MspInit	8	static
stm32f1xx_hal_msp.c:95:6:HAL_I2C_MspInit	40	static
stm32f1xx_hal_msp.c:129:6:HAL_I2C_MspDeInit	0	static
stm32f1xx_hal_msp.c:158:6:HAL_TIM_OC_MspInit	16	static
stm32f1xx_hal_msp.c:183:6:HAL_TIM_PWM_MspInit	16	static
stm32f1xx_hal_msp.c:202:6:HAL_TIM_MspPostInit	40	static
stm32f1xx_hal_msp.c:235:6:HAL_TIM_OC_MspDeInit	0	static
stm32f1xx_hal_msp.c:260:6:HAL_TIM_PWM_MspDeInit	0	static
stm32f1xx_hal_msp.c:285:6:HAL_UART_MspInit	40	static
stm32f1xx_hal_msp.c:360:6:HAL_UART_MspDeInit	8	static
