main.c:133:5:main	48	static
main.c:350:6:SystemClock_Config	72	static
main.c:388:13:MX_I2C2_Init	8	static
main.c:422:13:MX_TIM2_Init	48	static
main.c:470:13:MX_TIM3_Init	48	static
main.c:518:13:MX_TIM4_Init	48	static
main.c:579:13:MX_USART1_UART_Init	8	static
main.c:612:13:MX_USART2_UART_Init	8	static
main.c:643:13:MX_DMA_Init	16	static
main.c:670:13:MX_GPIO_Init	40	static
main.c:724:6:pwm_init	40	static
main.c:748:6:HAL_UART_TxCpltCallback	16	static
main.c:754:6:HAL_UART_RxCpltCallback	16	static
main.c:773:6:stop_motors	8	static
main.c:792:6:Error_Handler	4	static
