stm32f1xx_it.c:79:6:NMI_Handler	4	static
stm32f1xx_it.c:92:6:HardFault_Handler	8	static
stm32f1xx_it.c:109:6:MemManage_Handler	4	static
stm32f1xx_it.c:125:6:BusFault_Handler	4	static
stm32f1xx_it.c:140:6:UsageFault_Handler	4	static
stm32f1xx_it.c:155:6:SVC_Handler	4	static
stm32f1xx_it.c:168:6:DebugMon_Handler	4	static
stm32f1xx_it.c:181:6:PendSV_Handler	4	static
stm32f1xx_it.c:194:6:SysTick_Handler	8	static
stm32f1xx_it.c:215:6:EXTI1_IRQHandler	8	static
stm32f1xx_it.c:234:6:DMA1_Channel4_IRQHandler	8	static
stm32f1xx_it.c:248:6:DMA1_Channel5_IRQHandler	8	static
stm32f1xx_it.c:262:6:DMA1_Channel6_IRQHandler	8	static
stm32f1xx_it.c:276:6:DMA1_Channel7_IRQHandler	8	static
stm32f1xx_it.c:290:6:EXTI9_5_IRQHandler	8	static
stm32f1xx_it.c:310:6:TIM3_IRQHandler	8	static
stm32f1xx_it.c:328:6:TIM4_IRQHandler	8	static
stm32f1xx_it.c:342:6:USART1_IRQHandler	8	static
stm32f1xx_it.c:356:6:USART2_IRQHandler	8	static
